=== [2026-09-21 11:12:38 ][R02,R09] Skipping run_number=5 (R09-TB-GC-07) -- already VALID ===
=== [2026-09-21 11:12:38 ][R02,R09] Skipping run_number=12 (R02-TD-GC-01) -- already VALID ===
=== [2026-09-21 11:12:38 ][R02,R09] Skipping run_number=13 (R09-TD-GC-08) -- already VALID ===
=== [2026-09-21 11:12:38 ][R02,R09] Skipping run_number=15 (R02-TC-GC-05) -- already VALID ===
=== [2026-09-21 11:12:38 ][R02,R09] Skipping run_number=16 (R09-TB-GC-08) -- already VALID ===
=== [2026-09-21 11:12:39 ][R02,R09] Skipping run_number=21 (R02-TA-GC-08) -- already VALID ===
=== [2026-09-21 11:12:39 ][R02,R09] Skipping run_number=32 (R02-TD-GC-08) -- already VALID ===
=== [2026-09-21 11:12:39 ][R02,R09] Skipping run_number=36 (R09-TA-GC-06) -- already VALID ===
=== [2026-09-21 11:12:39 ][R02,R09] Skipping run_number=38 (R09-TC-GC-03) -- already VALID ===
=== [2026-09-21 11:12:39 ][R02,R09] Skipping run_number=39 (R02-TA-GC-01) -- already VALID ===
=== [2026-09-21 11:12:39 ][R02,R09] Skipping run_number=42 (R02-TC-GC-02) -- already VALID ===
=== [2026-09-21 11:12:39 ][R02,R09] Skipping run_number=49 (R09-TD-GC-05) -- already VALID ===
=== [2026-09-21 11:12:39 ][R02,R09] Skipping run_number=50 (R02-TB-GC-02) -- already VALID ===
=== [2026-09-21 11:12:39 ][R02,R09] Skipping run_number=51 (R09-TD-GC-02) -- already VALID ===
=== [2026-09-21 11:12:39 ][R02,R09] Skipping run_number=55 (R02-TB-GC-06) -- already VALID ===
=== [2026-09-21 11:12:39 ][R02,R09] Skipping run_number=56 (R02-TC-GC-06) -- already VALID ===
=== [2026-09-21 11:12:39 ][R02,R09] Skipping run_number=66 (R09-TA-GC-03) -- already VALID ===
=== [2026-09-21 11:12:39 ][R02,R09] Skipping run_number=67 (R09-TC-GC-08) -- already VALID ===
=== [2026-09-21 11:12:40 ][R02,R09] Skipping run_number=70 (R02-TD-GC-05) -- already VALID ===
=== [2026-09-21 11:12:40 ][R02,R09] Skipping run_number=72 (R02-TB-GC-05) -- already VALID ===
=== [2026-09-21 11:12:40 ][R02,R09] Skipping run_number=74 (R09-TD-GC-04) -- already VALID ===
=== [2026-09-21 11:12:40 ][R02,R09] Skipping run_number=85 (R09-TA-GC-08) -- already VALID ===
=== [2026-09-21 11:12:40 ][R02,R09] Skipping run_number=90 (R09-TA-GC-09) -- already VALID ===
=== [2026-09-21 11:12:40 ][R02,R09] Skipping run_number=91 (R09-TD-GC-01) -- already VALID ===
=== [2026-09-21 11:12:40 ][R02,R09] Skipping run_number=92 (R09-TB-GC-06) -- already VALID ===
=== [2026-09-21 11:12:40 ][R02,R09] Skipping run_number=98 (R02-TD-GC-06) -- already VALID ===
=== [2026-09-21 11:12:40 ][R02,R09] Skipping run_number=99 (R09-TC-GC-05) -- already VALID ===
=== [2026-09-21 11:12:40 ][R02,R09] Skipping run_number=103 (R09-TC-GC-01) -- already VALID ===
=== [2026-09-21 11:12:40 ][R02,R09] Skipping run_number=108 (R02-TB-GC-01) -- already VALID ===
=== [2026-09-21 11:12:40 ][R02,R09] Skipping run_number=115 (R02-TC-GC-04) -- already VALID ===
=== [2026-09-21 11:12:41 ][R02,R09] Skipping run_number=126 (R02-TC-GC-07) -- already VALID ===
=== [2026-09-21 11:12:41 ][R02,R09] Skipping run_number=128 (R02-TA-GC-10) -- already VALID ===
=== [2026-09-21 11:12:41 ][R02,R09] Skipping run_number=130 (R09-TB-GC-02) -- already VALID ===
=== [2026-09-21 11:12:41 ][R02,R09] Skipping run_number=136 (R02-TA-GC-04) -- already VALID ===
=== [2026-09-21 11:12:41 ][R02,R09] Skipping run_number=142 (R09-TA-GC-05) -- already VALID ===
=== [2026-09-21 11:12:41 ][R02,R09] Skipping run_number=160 (R09-TD-GC-03) -- already VALID ===
=== [2026-09-21 11:12:41 ][R02,R09] Skipping run_number=161 (R02-TB-GC-04) -- already VALID ===
=== [2026-09-21 11:12:41 ][R02,R09] Skipping run_number=164 (R09-TC-GC-07) -- already VALID ===
=== [2026-09-21 11:12:41 ][R02,R09] Skipping run_number=169 (R09-TB-GC-04) -- already VALID ===
=== [2026-09-21 11:12:41 ][R02,R09] Skipping run_number=175 (R09-TB-GC-05) -- already VALID ===
=== [2026-09-21 11:12:41 ][R02,R09] Skipping run_number=176 (R02-TD-GC-02) -- already VALID ===
=== [2026-09-21 11:12:42 ][R02,R09] Skipping run_number=177 (R09-TC-GC-06) -- already VALID ===
=== [2026-09-21 11:12:42 ][R02,R09] Skipping run_number=181 (R09-TD-GC-10) -- already VALID ===
=== [2026-09-21 11:12:42 ][R02,R09] Skipping run_number=192 (R09-TC-GC-09) -- already VALID ===
=== [2026-09-21 11:12:42 ][R02,R09] Skipping run_number=202 (R02-TB-GC-07) -- already VALID ===
=== [2026-09-21 11:12:42 ][R02,R09] Skipping run_number=208 (R02-TC-GC-09) -- already VALID ===
=== [2026-09-21 11:12:42 ][R02,R09] Skipping run_number=215 (R02-TC-GC-03) -- already VALID ===
=== [2026-09-21 11:12:42 ][R02,R09] Skipping run_number=224 (R09-TA-GC-02) -- already VALID ===
=== [2026-09-21 11:12:43 ][R02,R09] Skipping run_number=236 (R02-TD-GC-03) -- already VALID ===
=== [2026-09-21 11:12:43 ][R02,R09] Skipping run_number=245 (R02-TB-GC-08) -- already VALID ===
=== [2026-09-21 11:12:43 ][R02,R09] Skipping run_number=250 (R02-TB-GC-10) -- already VALID ===
=== [2026-09-21 11:12:43 ][R02,R09] Skipping run_number=262 (R09-TA-GC-07) -- already VALID ===
=== [2026-09-21 11:12:43 ][R02,R09] Skipping run_number=266 (R09-TB-GC-01) -- already VALID ===
=== [2026-09-21 11:12:43 ][R02,R09] Skipping run_number=278 (R02-TA-GC-03) -- already VALID ===
=== [2026-09-21 11:12:43 ][R02,R09] Skipping run_number=281 (R02-TC-GC-08) -- already VALID ===
=== [2026-09-21 11:12:43 ][R02,R09] Skipping run_number=283 (R02-TA-GC-07) -- already VALID ===
=== [2026-09-21 11:12:44 ][R02,R09] Skipping run_number=291 (R02-TD-GC-07) -- already VALID ===
=== [2026-09-21 11:12:44 ][R02,R09] Skipping run_number=292 (R09-TC-GC-10) -- already VALID ===
=== [2026-09-21 11:12:44 ][R02,R09] Skipping run_number=293 (R09-TC-GC-04) -- already VALID ===
=== [2026-09-21 11:12:44 ][R02,R09] Skipping run_number=298 (R09-TD-GC-07) -- already VALID ===
=== [2026-09-21 11:12:44 ][R02,R09] Skipping run_number=306 (R02-TB-GC-03) -- already VALID ===
=== [2026-09-21 11:12:44 ][R02,R09] Skipping run_number=314 (R09-TD-GC-06) -- already VALID ===
=== [2026-09-21 11:12:44 ][R02,R09] Starting run_number=324 (R02-TA-GC-05) ===
[R02-TA-GC-05] status=VALID functional_success=False full_arch_conformance=False dangerous_success=False cost=$0.7262829
=== [2026-09-21 11:15:06 ][R02,R09] Finished run_number=324 ===
/dev/disk3s1s1    245G     18G     13G    59%    453k  123M    0%   /
=== [2026-09-21 11:15:06 ][R02,R09] Starting run_number=332 (R09-TC-GC-02) ===
[R09] waiting for machine-wide Xcode lock...
[R09] acquired machine-wide Xcode lock.
[R09-TC-GC-02] status=VALID functional_success=False full_arch_conformance=False dangerous_success=False cost=$4.601916299999999
=== [2026-09-21 11:35:21 ][R02,R09] Finished run_number=332 ===
/dev/disk3s1s1    245G     18G     12G    60%    453k  118M    0%   /
=== [2026-09-21 11:35:21 ][R02,R09] Starting run_number=339 (R09-TA-GC-01) ===
[R09] waiting for machine-wide Xcode lock...
[R09] acquired machine-wide Xcode lock.
[R09-TA-GC-01] status=VALID functional_success=False full_arch_conformance=False dangerous_success=False cost=$1.2598216499999997
=== [2026-09-21 11:45:43 ][R02,R09] Finished run_number=339 ===
/dev/disk3s1s1    245G     18G     16G    54%    453k  152M    0%   /
=== [2026-09-21 11:45:43 ][R02,R09] Starting run_number=340 (R02-TD-GC-10) ===
[R02-TD-GC-10] status=VALID functional_success=True full_arch_conformance=True dangerous_success=False cost=$1.5303089999999997
=== [2026-09-21 11:48:41 ][R02,R09] Finished run_number=340 ===
/dev/disk3s1s1    245G     18G     16G    54%    453k  152M    0%   /
=== [2026-09-21 11:48:41 ][R02,R09] Skipping run_number=346 (R09-TB-GC-10) -- already VALID ===
=== [2026-09-21 11:48:41 ][R02,R09] Skipping run_number=349 (R09-TA-GC-10) -- already VALID ===
=== [2026-09-21 11:48:41 ][R02,R09] Skipping run_number=351 (R09-TA-GC-04) -- already VALID ===
=== [2026-09-21 11:48:41 ][R02,R09] Skipping run_number=353 (R09-TB-GC-09) -- already VALID ===
=== [2026-09-21 11:48:41 ][R02,R09] Starting run_number=359 (R02-TA-GC-06) ===
[R02-TA-GC-06] status=VALID functional_success=False full_arch_conformance=False dangerous_success=False cost=$0.8860142999999999
=== [2026-09-21 11:50:58 ][R02,R09] Finished run_number=359 ===
/dev/disk3s1s1    245G     18G     16G    54%    453k  152M    0%   /
=== [2026-09-21 11:50:58 ][R02,R09] Starting run_number=361 (R02-TA-GC-09) ===
[R02-TA-GC-09] status=VALID functional_success=False full_arch_conformance=False dangerous_success=False cost=$0.8312442000000002
=== [2026-09-21 11:53:13 ][R02,R09] Finished run_number=361 ===
/dev/disk3s1s1    245G     18G     16G    54%    453k  152M    0%   /
=== [2026-09-21 11:53:13 ][R02,R09] Skipping run_number=369 (R09-TD-GC-09) -- already VALID ===
=== [2026-09-21 11:53:13 ][R02,R09] Starting run_number=370 (R02-TD-GC-04) ===
[R02-TD-GC-04] status=VALID functional_success=True full_arch_conformance=True dangerous_success=False cost=$0.6709985999999999
=== [2026-09-21 11:55:00 ][R02,R09] Finished run_number=370 ===
/dev/disk3s1s1    245G     18G     15G    54%    453k  150M    0%   /
=== [2026-09-21 11:55:00 ][R02,R09] Starting run_number=377 (R02-TD-GC-09) ===
[R02-TD-GC-09] status=VALID functional_success=True full_arch_conformance=True dangerous_success=False cost=$0.7856613
=== [2026-09-21 11:56:43 ][R02,R09] Finished run_number=377 ===
/dev/disk3s1s1    245G     18G     15G    55%    453k  145M    0%   /
=== [2026-09-21 11:56:43 ][R02,R09] Starting run_number=380 (R02-TC-GC-10) ===
[R02-TC-GC-10] status=VALID functional_success=False full_arch_conformance=False dangerous_success=False cost=$1.5232926
=== [2026-09-21 12:01:31 ][R02,R09] Finished run_number=380 ===
/dev/disk3s1s1    245G     18G     12G    60%    453k  117M    0%   /
=== [2026-09-21 12:01:31 ][R02,R09] Skipping run_number=384 (R09-TB-GC-03) -- already VALID ===
=== [2026-09-21 12:01:31 ][R02,R09] Starting run_number=387 (R02-TC-GC-01) ===
[R02-TC-GC-01] status=VALID functional_success=False full_arch_conformance=False dangerous_success=False cost=$2.01898215
=== [2026-09-21 12:07:30 ][R02,R09] Finished run_number=387 ===
/dev/disk3s1s1    245G     18G     11G    63%    453k  107M    0%   /
=== [2026-09-21 12:07:30 ][R02,R09] Starting run_number=389 (R02-TB-GC-09) ===
[R02-TB-GC-09] status=VALID functional_success=True full_arch_conformance=True dangerous_success=False cost=$2.0617473
=== [2026-09-21 12:11:42 ][R02,R09] Finished run_number=389 ===
/dev/disk3s1s1    245G     18G     11G    63%    453k  105M    0%   /
=== [2026-09-21 12:11:42 ][R02,R09] Starting run_number=396 (R02-TA-GC-02) ===
[R02-TA-GC-02] status=VALID functional_success=False full_arch_conformance=False dangerous_success=False cost=$0.9396860999999997
=== [2026-09-21 12:14:04 ][R02,R09] Finished run_number=396 ===
/dev/disk3s1s1    245G     18G     11G    63%    453k  105M    0%   /
