=== [2026-09-21 08:58:28 ][R03,R06,R08,R09,R10] Skipping run_number=1 (R08-TD-GC-09) -- already VALID ===
=== [2026-09-21 08:58:28 ][R03,R06,R08,R09,R10] Skipping run_number=5 (R09-TB-GC-07) -- already VALID ===
=== [2026-09-21 08:58:28 ][R03,R06,R08,R09,R10] Skipping run_number=8 (R10-TD-GC-06) -- already VALID ===
=== [2026-09-21 08:58:28 ][R03,R06,R08,R09,R10] Skipping run_number=11 (R08-TB-GC-01) -- already VALID ===
=== [2026-09-21 08:58:29 ][R03,R06,R08,R09,R10] Skipping run_number=13 (R09-TD-GC-08) -- already VALID ===
=== [2026-09-21 08:58:29 ][R03,R06,R08,R09,R10] Skipping run_number=14 (R06-TB-GC-06) -- already VALID ===
=== [2026-09-21 08:58:29 ][R03,R06,R08,R09,R10] Skipping run_number=16 (R09-TB-GC-08) -- already VALID ===
=== [2026-09-21 08:58:29 ][R03,R06,R08,R09,R10] Skipping run_number=17 (R10-TA-GC-07) -- already VALID ===
=== [2026-09-21 08:58:29 ][R03,R06,R08,R09,R10] Skipping run_number=18 (R03-TA-GC-06) -- already VALID ===
=== [2026-09-21 08:58:29 ][R03,R06,R08,R09,R10] Skipping run_number=22 (R08-TD-GC-01) -- already VALID ===
=== [2026-09-21 08:58:29 ][R03,R06,R08,R09,R10] Skipping run_number=23 (R10-TB-GC-05) -- already VALID ===
=== [2026-09-21 08:58:29 ][R03,R06,R08,R09,R10] Skipping run_number=24 (R03-TB-GC-02) -- already VALID ===
=== [2026-09-21 08:58:29 ][R03,R06,R08,R09,R10] Skipping run_number=25 (R03-TD-GC-04) -- already VALID ===
=== [2026-09-21 08:58:29 ][R03,R06,R08,R09,R10] Skipping run_number=29 (R06-TD-GC-05) -- already VALID ===
=== [2026-09-21 08:58:29 ][R03,R06,R08,R09,R10] Skipping run_number=31 (R10-TA-GC-02) -- already VALID ===
=== [2026-09-21 08:58:29 ][R03,R06,R08,R09,R10] Skipping run_number=33 (R08-TC-GC-05) -- already VALID ===
=== [2026-09-21 08:58:29 ][R03,R06,R08,R09,R10] Skipping run_number=34 (R08-TB-GC-03) -- already VALID ===
=== [2026-09-21 08:58:29 ][R03,R06,R08,R09,R10] Skipping run_number=35 (R03-TC-GC-01) -- already VALID ===
=== [2026-09-21 08:58:29 ][R03,R06,R08,R09,R10] Skipping run_number=36 (R09-TA-GC-06) -- already VALID ===
=== [2026-09-21 08:58:29 ][R03,R06,R08,R09,R10] Skipping run_number=38 (R09-TC-GC-03) -- already VALID ===
=== [2026-09-21 08:58:29 ][R03,R06,R08,R09,R10] Skipping run_number=44 (R10-TD-GC-08) -- already VALID ===
=== [2026-09-21 08:58:29 ][R03,R06,R08,R09,R10] Skipping run_number=46 (R03-TC-GC-02) -- already VALID ===
=== [2026-09-21 08:58:29 ][R03,R06,R08,R09,R10] Skipping run_number=48 (R08-TA-GC-05) -- already VALID ===
=== [2026-09-21 08:58:29 ][R03,R06,R08,R09,R10] Skipping run_number=49 (R09-TD-GC-05) -- already VALID ===
=== [2026-09-21 08:58:29 ][R03,R06,R08,R09,R10] Skipping run_number=51 (R09-TD-GC-02) -- already VALID ===
=== [2026-09-21 08:58:29 ][R03,R06,R08,R09,R10] Skipping run_number=63 (R10-TD-GC-04) -- already VALID ===
=== [2026-09-21 08:58:29 ][R03,R06,R08,R09,R10] Skipping run_number=64 (R08-TB-GC-07) -- already VALID ===
=== [2026-09-21 08:58:29 ][R03,R06,R08,R09,R10] Skipping run_number=66 (R09-TA-GC-03) -- already VALID ===
=== [2026-09-21 08:58:29 ][R03,R06,R08,R09,R10] Skipping run_number=67 (R09-TC-GC-08) -- already VALID ===
=== [2026-09-21 08:58:29 ][R03,R06,R08,R09,R10] Skipping run_number=68 (R06-TA-GC-04) -- already VALID ===
=== [2026-09-21 08:58:29 ][R03,R06,R08,R09,R10] Skipping run_number=69 (R03-TD-GC-08) -- already VALID ===
=== [2026-09-21 08:58:30 ][R03,R06,R08,R09,R10] Skipping run_number=71 (R08-TD-GC-03) -- already VALID ===
=== [2026-09-21 08:58:30 ][R03,R06,R08,R09,R10] Skipping run_number=73 (R10-TB-GC-07) -- already VALID ===
=== [2026-09-21 08:58:30 ][R03,R06,R08,R09,R10] Skipping run_number=74 (R09-TD-GC-04) -- already VALID ===
=== [2026-09-21 08:58:30 ][R03,R06,R08,R09,R10] Skipping run_number=75 (R08-TC-GC-09) -- already VALID ===
=== [2026-09-21 08:58:30 ][R03,R06,R08,R09,R10] Skipping run_number=76 (R06-TA-GC-08) -- already VALID ===
=== [2026-09-21 08:58:30 ][R03,R06,R08,R09,R10] Skipping run_number=81 (R10-TB-GC-03) -- already VALID ===
=== [2026-09-21 08:58:30 ][R03,R06,R08,R09,R10] Skipping run_number=82 (R06-TD-GC-08) -- already VALID ===
=== [2026-09-21 08:58:30 ][R03,R06,R08,R09,R10] Skipping run_number=83 (R10-TD-GC-07) -- already VALID ===
=== [2026-09-21 08:58:30 ][R03,R06,R08,R09,R10] Skipping run_number=84 (R06-TD-GC-01) -- already VALID ===
=== [2026-09-21 08:58:30 ][R03,R06,R08,R09,R10] Skipping run_number=85 (R09-TA-GC-08) -- already VALID ===
=== [2026-09-21 08:58:30 ][R03,R06,R08,R09,R10] Skipping run_number=87 (R08-TB-GC-06) -- already VALID ===
=== [2026-09-21 08:58:30 ][R03,R06,R08,R09,R10] Skipping run_number=88 (R08-TC-GC-10) -- already VALID ===
=== [2026-09-21 08:58:30 ][R03,R06,R08,R09,R10] Skipping run_number=89 (R08-TA-GC-03) -- already VALID ===
=== [2026-09-21 08:58:30 ][R03,R06,R08,R09,R10] Skipping run_number=90 (R09-TA-GC-09) -- already VALID ===
=== [2026-09-21 08:58:30 ][R03,R06,R08,R09,R10] Skipping run_number=91 (R09-TD-GC-01) -- already VALID ===
=== [2026-09-21 08:58:30 ][R03,R06,R08,R09,R10] Skipping run_number=92 (R09-TB-GC-06) -- already VALID ===
=== [2026-09-21 08:58:30 ][R03,R06,R08,R09,R10] Skipping run_number=93 (R03-TB-GC-01) -- already VALID ===
=== [2026-09-21 08:58:30 ][R03,R06,R08,R09,R10] Skipping run_number=95 (R03-TD-GC-05) -- already VALID ===
=== [2026-09-21 08:58:30 ][R03,R06,R08,R09,R10] Skipping run_number=96 (R06-TC-GC-03) -- already VALID ===
=== [2026-09-21 08:58:30 ][R03,R06,R08,R09,R10] Skipping run_number=97 (R03-TB-GC-06) -- already VALID ===
=== [2026-09-21 08:58:30 ][R03,R06,R08,R09,R10] Skipping run_number=99 (R09-TC-GC-05) -- already VALID ===
=== [2026-09-21 08:58:30 ][R03,R06,R08,R09,R10] Skipping run_number=100 (R06-TC-GC-06) -- already VALID ===
=== [2026-09-21 08:58:30 ][R03,R06,R08,R09,R10] Skipping run_number=102 (R10-TA-GC-09) -- already VALID ===
=== [2026-09-21 08:58:30 ][R03,R06,R08,R09,R10] Skipping run_number=103 (R09-TC-GC-01) -- already VALID ===
=== [2026-09-21 08:58:30 ][R03,R06,R08,R09,R10] Skipping run_number=104 (R03-TA-GC-03) -- already VALID ===
=== [2026-09-21 08:58:30 ][R03,R06,R08,R09,R10] Skipping run_number=109 (R10-TB-GC-09) -- already VALID ===
=== [2026-09-21 08:58:30 ][R03,R06,R08,R09,R10] Skipping run_number=111 (R06-TD-GC-09) -- already VALID ===
=== [2026-09-21 08:58:30 ][R03,R06,R08,R09,R10] Skipping run_number=112 (R10-TA-GC-06) -- already VALID ===
=== [2026-09-21 08:58:30 ][R03,R06,R08,R09,R10] Skipping run_number=114 (R03-TA-GC-02) -- already VALID ===
=== [2026-09-21 08:58:30 ][R03,R06,R08,R09,R10] Skipping run_number=117 (R10-TB-GC-06) -- already VALID ===
=== [2026-09-21 08:58:30 ][R03,R06,R08,R09,R10] Skipping run_number=118 (R06-TB-GC-09) -- already VALID ===
=== [2026-09-21 08:58:30 ][R03,R06,R08,R09,R10] Skipping run_number=120 (R08-TC-GC-06) -- already VALID ===
=== [2026-09-21 08:58:30 ][R03,R06,R08,R09,R10] Skipping run_number=121 (R10-TC-GC-03) -- already VALID ===
=== [2026-09-21 08:58:30 ][R03,R06,R08,R09,R10] Skipping run_number=122 (R06-TC-GC-01) -- already VALID ===
=== [2026-09-21 08:58:30 ][R03,R06,R08,R09,R10] Skipping run_number=124 (R03-TD-GC-02) -- already VALID ===
=== [2026-09-21 08:58:31 ][R03,R06,R08,R09,R10] Skipping run_number=129 (R08-TA-GC-06) -- already VALID ===
=== [2026-09-21 08:58:31 ][R03,R06,R08,R09,R10] Skipping run_number=130 (R09-TB-GC-02) -- already VALID ===
=== [2026-09-21 08:58:31 ][R03,R06,R08,R09,R10] Skipping run_number=135 (R03-TD-GC-07) -- already VALID ===
=== [2026-09-21 08:58:31 ][R03,R06,R08,R09,R10] Skipping run_number=138 (R10-TC-GC-07) -- already VALID ===
=== [2026-09-21 08:58:31 ][R03,R06,R08,R09,R10] Skipping run_number=139 (R06-TD-GC-06) -- already VALID ===
=== [2026-09-21 08:58:31 ][R03,R06,R08,R09,R10] Skipping run_number=142 (R09-TA-GC-05) -- already VALID ===
=== [2026-09-21 08:58:31 ][R03,R06,R08,R09,R10] Skipping run_number=143 (R06-TA-GC-10) -- already VALID ===
=== [2026-09-21 08:58:31 ][R03,R06,R08,R09,R10] Skipping run_number=144 (R03-TC-GC-07) -- already VALID ===
=== [2026-09-21 08:58:31 ][R03,R06,R08,R09,R10] Skipping run_number=147 (R10-TB-GC-10) -- already VALID ===
=== [2026-09-21 08:58:31 ][R03,R06,R08,R09,R10] Skipping run_number=149 (R10-TA-GC-04) -- already VALID ===
=== [2026-09-21 08:58:31 ][R03,R06,R08,R09,R10] Skipping run_number=150 (R03-TD-GC-03) -- already VALID ===
=== [2026-09-21 08:58:31 ][R03,R06,R08,R09,R10] Skipping run_number=151 (R03-TA-GC-05) -- already VALID ===
=== [2026-09-21 08:58:31 ][R03,R06,R08,R09,R10] Skipping run_number=152 (R08-TD-GC-02) -- already VALID ===
=== [2026-09-21 08:58:31 ][R03,R06,R08,R09,R10] Skipping run_number=154 (R03-TC-GC-06) -- already VALID ===
=== [2026-09-21 08:58:31 ][R03,R06,R08,R09,R10] Skipping run_number=157 (R06-TB-GC-07) -- already VALID ===
=== [2026-09-21 08:58:31 ][R03,R06,R08,R09,R10] Skipping run_number=158 (R08-TC-GC-03) -- already VALID ===
=== [2026-09-21 08:58:31 ][R03,R06,R08,R09,R10] Skipping run_number=160 (R09-TD-GC-03) -- already VALID ===
=== [2026-09-21 08:58:31 ][R03,R06,R08,R09,R10] Skipping run_number=164 (R09-TC-GC-07) -- already VALID ===
=== [2026-09-21 08:58:31 ][R03,R06,R08,R09,R10] Skipping run_number=165 (R08-TA-GC-01) -- already VALID ===
=== [2026-09-21 08:58:31 ][R03,R06,R08,R09,R10] Skipping run_number=166 (R10-TD-GC-01) -- already VALID ===
=== [2026-09-21 08:58:31 ][R03,R06,R08,R09,R10] Skipping run_number=167 (R08-TB-GC-09) -- already VALID ===
=== [2026-09-21 08:58:31 ][R03,R06,R08,R09,R10] Skipping run_number=168 (R03-TA-GC-08) -- already VALID ===
=== [2026-09-21 08:58:31 ][R03,R06,R08,R09,R10] Skipping run_number=169 (R09-TB-GC-04) -- already VALID ===
=== [2026-09-21 08:58:31 ][R03,R06,R08,R09,R10] Skipping run_number=171 (R06-TA-GC-05) -- already VALID ===
=== [2026-09-21 08:58:31 ][R03,R06,R08,R09,R10] Skipping run_number=172 (R10-TA-GC-03) -- already VALID ===
=== [2026-09-21 08:58:31 ][R03,R06,R08,R09,R10] Skipping run_number=173 (R06-TD-GC-02) -- already VALID ===
=== [2026-09-21 08:58:31 ][R03,R06,R08,R09,R10] Skipping run_number=175 (R09-TB-GC-05) -- already VALID ===
=== [2026-09-21 08:58:31 ][R03,R06,R08,R09,R10] Starting run_number=177 (R09-TC-GC-06) ===
[R09] waiting for machine-wide Xcode lock...
[R09] acquired machine-wide Xcode lock.
[R09-TC-GC-06] status=VALID functional_success=True full_arch_conformance=True dangerous_success=False cost=$5.208087749999999
=== [2026-09-21 09:16:49 ][R03,R06,R08,R09,R10] Finished run_number=177 ===
/dev/disk3s1s1    245G     18G   9265M    66%    453k   90M    0%   /
=== [2026-09-21 09:16:49 ][R03,R06,R08,R09,R10] Skipping run_number=178 (R06-TD-GC-07) -- already VALID ===
=== [2026-09-21 09:16:49 ][R03,R06,R08,R09,R10] Skipping run_number=179 (R08-TA-GC-02) -- already VALID ===
=== [2026-09-21 09:16:49 ][R03,R06,R08,R09,R10] Skipping run_number=181 (R09-TD-GC-10) -- already VALID ===
=== [2026-09-21 09:16:50 ][R03,R06,R08,R09,R10] Skipping run_number=182 (R08-TA-GC-08) -- already VALID ===
=== [2026-09-21 09:16:50 ][R03,R06,R08,R09,R10] Skipping run_number=184 (R06-TC-GC-04) -- already VALID ===
=== [2026-09-21 09:16:50 ][R03,R06,R08,R09,R10] Skipping run_number=187 (R06-TC-GC-02) -- already VALID ===
=== [2026-09-21 09:16:50 ][R03,R06,R08,R09,R10] Skipping run_number=188 (R08-TC-GC-08) -- already VALID ===
=== [2026-09-21 09:16:50 ][R03,R06,R08,R09,R10] Skipping run_number=190 (R10-TD-GC-05) -- already VALID ===
=== [2026-09-21 09:16:50 ][R03,R06,R08,R09,R10] Skipping run_number=192 (R09-TC-GC-09) -- already VALID ===
=== [2026-09-21 09:16:50 ][R03,R06,R08,R09,R10] Skipping run_number=194 (R06-TC-GC-07) -- already VALID ===
=== [2026-09-21 09:16:50 ][R03,R06,R08,R09,R10] Skipping run_number=197 (R10-TC-GC-05) -- already VALID ===
=== [2026-09-21 09:16:50 ][R03,R06,R08,R09,R10] Skipping run_number=198 (R10-TB-GC-04) -- already VALID ===
=== [2026-09-21 09:16:50 ][R03,R06,R08,R09,R10] Skipping run_number=199 (R06-TA-GC-03) -- already VALID ===
=== [2026-09-21 09:16:50 ][R03,R06,R08,R09,R10] Skipping run_number=200 (R03-TC-GC-05) -- already VALID ===
=== [2026-09-21 09:16:50 ][R03,R06,R08,R09,R10] Skipping run_number=204 (R03-TB-GC-10) -- already VALID ===
=== [2026-09-21 09:16:50 ][R03,R06,R08,R09,R10] Skipping run_number=205 (R10-TD-GC-02) -- already VALID ===
=== [2026-09-21 09:16:50 ][R03,R06,R08,R09,R10] Skipping run_number=210 (R03-TB-GC-03) -- already VALID ===
=== [2026-09-21 09:16:50 ][R03,R06,R08,R09,R10] Skipping run_number=213 (R06-TC-GC-08) -- already VALID ===
=== [2026-09-21 09:16:50 ][R03,R06,R08,R09,R10] Skipping run_number=214 (R10-TD-GC-09) -- already VALID ===
=== [2026-09-21 09:16:50 ][R03,R06,R08,R09,R10] Skipping run_number=216 (R03-TB-GC-09) -- already VALID ===
=== [2026-09-21 09:16:50 ][R03,R06,R08,R09,R10] Skipping run_number=217 (R08-TA-GC-10) -- already VALID ===
=== [2026-09-21 09:16:50 ][R03,R06,R08,R09,R10] Skipping run_number=219 (R03-TB-GC-07) -- already VALID ===
=== [2026-09-21 09:16:50 ][R03,R06,R08,R09,R10] Skipping run_number=221 (R03-TD-GC-09) -- already VALID ===
=== [2026-09-21 09:16:50 ][R03,R06,R08,R09,R10] Skipping run_number=222 (R08-TB-GC-08) -- already VALID ===
=== [2026-09-21 09:16:50 ][R03,R06,R08,R09,R10] Skipping run_number=223 (R03-TC-GC-04) -- already VALID ===
=== [2026-09-21 09:16:50 ][R03,R06,R08,R09,R10] Skipping run_number=224 (R09-TA-GC-02) -- already VALID ===
=== [2026-09-21 09:16:50 ][R03,R06,R08,R09,R10] Starting run_number=228 (R03-TB-GC-08) ===
Low disk (8.6GB free) -- clearing Xcode DerivedData/simulator caches...
[R03-TB-GC-08] status=VALID functional_success=True full_arch_conformance=True dangerous_success=False cost=$7.009215899999998
=== [2026-09-21 09:50:08 ][R03,R06,R08,R09,R10] Finished run_number=228 ===
/dev/disk3s1s1    245G     18G     14G    57%    453k  135M    0%   /
=== [2026-09-21 09:50:08 ][R03,R06,R08,R09,R10] Starting run_number=230 (R06-TB-GC-05) ===
[R06-TB-GC-05] status=VALID functional_success=False full_arch_conformance=False dangerous_success=False cost=$2.4674447999999995
=== [2026-09-21 09:57:20 ][R03,R06,R08,R09,R10] Finished run_number=230 ===
/dev/disk3s1s1    245G     18G     14G    56%    453k  139M    0%   /
=== [2026-09-21 09:57:20 ][R03,R06,R08,R09,R10] Skipping run_number=231 (R08-TA-GC-09) -- already VALID ===
=== [2026-09-21 09:57:20 ][R03,R06,R08,R09,R10] Skipping run_number=233 (R08-TB-GC-04) -- already VALID ===
=== [2026-09-21 09:57:20 ][R03,R06,R08,R09,R10] Starting run_number=234 (R03-TA-GC-01) ===
[R03-TA-GC-01] status=VALID functional_success=True full_arch_conformance=False dangerous_success=True cost=$1.4719542
=== [2026-09-21 10:00:12 ][R03,R06,R08,R09,R10] Finished run_number=234 ===
/dev/disk3s1s1    245G     18G     14G    56%    453k  139M    0%   /
=== [2026-09-21 10:00:12 ][R03,R06,R08,R09,R10] Skipping run_number=235 (R10-TB-GC-01) -- already VALID ===
=== [2026-09-21 10:00:12 ][R03,R06,R08,R09,R10] Skipping run_number=238 (R10-TC-GC-08) -- already VALID ===
=== [2026-09-21 10:00:12 ][R03,R06,R08,R09,R10] Starting run_number=239 (R03-TB-GC-05) ===
[R03-TB-GC-05] status=VALID functional_success=True full_arch_conformance=False dangerous_success=True cost=$3.2974365000000008
=== [2026-09-21 10:11:51 ][R03,R06,R08,R09,R10] Finished run_number=239 ===
/dev/disk3s1s1    245G     18G     14G    57%    453k  135M    0%   /
=== [2026-09-21 10:11:51 ][R03,R06,R08,R09,R10] Skipping run_number=240 (R06-TA-GC-02) -- already VALID ===
=== [2026-09-21 10:11:51 ][R03,R06,R08,R09,R10] Skipping run_number=241 (R10-TC-GC-06) -- already VALID ===
=== [2026-09-21 10:11:52 ][R03,R06,R08,R09,R10] Skipping run_number=246 (R06-TC-GC-10) -- already VALID ===
=== [2026-09-21 10:11:52 ][R03,R06,R08,R09,R10] Skipping run_number=247 (R10-TC-GC-09) -- already VALID ===
=== [2026-09-21 10:11:52 ][R03,R06,R08,R09,R10] Skipping run_number=248 (R08-TD-GC-05) -- already VALID ===
=== [2026-09-21 10:11:52 ][R03,R06,R08,R09,R10] Skipping run_number=249 (R08-TC-GC-01) -- already VALID ===
=== [2026-09-21 10:11:52 ][R03,R06,R08,R09,R10] Skipping run_number=251 (R08-TB-GC-02) -- already VALID ===
=== [2026-09-21 10:11:52 ][R03,R06,R08,R09,R10] Skipping run_number=253 (R10-TC-GC-04) -- already VALID ===
=== [2026-09-21 10:11:52 ][R03,R06,R08,R09,R10] Skipping run_number=254 (R06-TA-GC-07) -- already VALID ===
=== [2026-09-21 10:11:52 ][R03,R06,R08,R09,R10] Skipping run_number=256 (R06-TD-GC-10) -- already VALID ===
=== [2026-09-21 10:11:52 ][R03,R06,R08,R09,R10] Skipping run_number=258 (R06-TB-GC-02) -- already VALID ===
=== [2026-09-21 10:11:52 ][R03,R06,R08,R09,R10] Starting run_number=261 (R03-TD-GC-01) ===
[R03-TD-GC-01] status=VALID functional_success=False full_arch_conformance=False dangerous_success=False cost=$1.2972017999999996
=== [2026-09-21 10:16:04 ][R03,R06,R08,R09,R10] Finished run_number=261 ===
/dev/disk3s1s1    245G     18G     15G    56%    453k  142M    0%   /
=== [2026-09-21 10:16:04 ][R03,R06,R08,R09,R10] Skipping run_number=262 (R09-TA-GC-07) -- already VALID ===
=== [2026-09-21 10:16:04 ][R03,R06,R08,R09,R10] Skipping run_number=264 (R08-TD-GC-06) -- already VALID ===
=== [2026-09-21 10:16:04 ][R03,R06,R08,R09,R10] Starting run_number=265 (R03-TD-GC-10) ===
[R03-TD-GC-10] status=VALID functional_success=True full_arch_conformance=False dangerous_success=True cost=$2.0351579999999996
=== [2026-09-21 10:20:54 ][R03,R06,R08,R09,R10] Finished run_number=265 ===
/dev/disk3s1s1    245G     18G     15G    56%    453k  143M    0%   /
=== [2026-09-21 10:20:54 ][R03,R06,R08,R09,R10] Skipping run_number=266 (R09-TB-GC-01) -- already VALID ===
=== [2026-09-21 10:20:54 ][R03,R06,R08,R09,R10] Skipping run_number=267 (R10-TA-GC-05) -- already VALID ===
=== [2026-09-21 10:20:54 ][R03,R06,R08,R09,R10] Skipping run_number=271 (R08-TD-GC-07) -- already VALID ===
=== [2026-09-21 10:20:54 ][R03,R06,R08,R09,R10] Skipping run_number=273 (R08-TC-GC-07) -- already VALID ===
=== [2026-09-21 10:20:54 ][R03,R06,R08,R09,R10] Skipping run_number=275 (R08-TC-GC-02) -- already VALID ===
=== [2026-09-21 10:20:54 ][R03,R06,R08,R09,R10] Skipping run_number=277 (R06-TC-GC-09) -- already VALID ===
=== [2026-09-21 10:20:54 ][R03,R06,R08,R09,R10] Starting run_number=279 (R03-TA-GC-04) ===
[R03-TA-GC-04] status=VALID functional_success=True full_arch_conformance=False dangerous_success=True cost=$0.8544077999999998
=== [2026-09-21 10:22:46 ][R03,R06,R08,R09,R10] Finished run_number=279 ===
/dev/disk3s1s1    245G     18G     15G    56%    453k  143M    0%   /
=== [2026-09-21 10:22:46 ][R03,R06,R08,R09,R10] Skipping run_number=280 (R06-TA-GC-01) -- already VALID ===
=== [2026-09-21 10:22:46 ][R03,R06,R08,R09,R10] Starting run_number=285 (R03-TC-GC-10) ===
[R03-TC-GC-10] status=VALID functional_success=False full_arch_conformance=True dangerous_success=False cost=$6.461572500000001
=== [2026-09-21 10:40:03 ][R03,R06,R08,R09,R10] Finished run_number=285 ===
/dev/disk3s1s1    245G     18G     16G    54%    453k  152M    0%   /
=== [2026-09-21 10:40:03 ][R03,R06,R08,R09,R10] Starting run_number=286 (R03-TA-GC-10) ===
[R03-TA-GC-10] status=VALID functional_success=True full_arch_conformance=False dangerous_success=True cost=$1.3846722
=== [2026-09-21 10:43:17 ][R03,R06,R08,R09,R10] Finished run_number=286 ===
/dev/disk3s1s1    245G     18G     14G    57%    453k  133M    0%   /
=== [2026-09-21 10:43:17 ][R03,R06,R08,R09,R10] Skipping run_number=287 (R10-TA-GC-01) -- already VALID ===
=== [2026-09-21 10:43:17 ][R03,R06,R08,R09,R10] Skipping run_number=290 (R10-TD-GC-03) -- already VALID ===
=== [2026-09-21 10:43:17 ][R03,R06,R08,R09,R10] Skipping run_number=292 (R09-TC-GC-10) -- already VALID ===
=== [2026-09-21 10:43:17 ][R03,R06,R08,R09,R10] Skipping run_number=293 (R09-TC-GC-04) -- already VALID ===
=== [2026-09-21 10:43:17 ][R03,R06,R08,R09,R10] Starting run_number=294 (R03-TD-GC-06) ===
[R03-TD-GC-06] status=VALID functional_success=False full_arch_conformance=False dangerous_success=False cost=$1.81455045
=== [2026-09-21 10:49:49 ][R03,R06,R08,R09,R10] Finished run_number=294 ===
/dev/disk3s1s1    245G     18G     13G    59%    453k  123M    0%   /
=== [2026-09-21 10:49:49 ][R03,R06,R08,R09,R10] Skipping run_number=298 (R09-TD-GC-07) -- already VALID ===
=== [2026-09-21 10:49:50 ][R03,R06,R08,R09,R10] Starting run_number=299 (R03-TC-GC-03) ===
[R03-TC-GC-03] status=VALID functional_success=False full_arch_conformance=True dangerous_success=False cost=$2.1147873
=== [2026-09-21 10:54:38 ][R03,R06,R08,R09,R10] Finished run_number=299 ===
/dev/disk3s1s1    245G     18G     12G    61%    453k  116M    0%   /
=== [2026-09-21 10:54:38 ][R03,R06,R08,R09,R10] Skipping run_number=300 (R06-TC-GC-05) -- already VALID ===
=== [2026-09-21 10:54:38 ][R03,R06,R08,R09,R10] Skipping run_number=301 (R06-TD-GC-03) -- already VALID ===
=== [2026-09-21 10:54:38 ][R03,R06,R08,R09,R10] Skipping run_number=304 (R08-TB-GC-05) -- already VALID ===
=== [2026-09-21 10:54:38 ][R03,R06,R08,R09,R10] Skipping run_number=307 (R06-TA-GC-06) -- already VALID ===
=== [2026-09-21 10:54:38 ][R03,R06,R08,R09,R10] Skipping run_number=310 (R10-TC-GC-10) -- already VALID ===
=== [2026-09-21 10:54:38 ][R03,R06,R08,R09,R10] Starting run_number=311 (R03-TB-GC-04) ===
[R03-TB-GC-04] status=VALID functional_success=True full_arch_conformance=False dangerous_success=True cost=$5.723239799999999
