=== [2026-09-21 08:58:28 ][R03] Skipping run_number=7 (R03-TA-BF-09) -- already VALID ===
=== [2026-09-21 08:58:28 ][R03] Skipping run_number=8 (R03-TC-BF-07) -- already VALID ===
=== [2026-09-21 08:58:28 ][R03] Skipping run_number=9 (R03-TC-BF-05) -- already VALID ===
=== [2026-09-21 08:58:29 ][R03] Skipping run_number=35 (R03-TD-BF-07) -- already VALID ===
=== [2026-09-21 08:58:29 ][R03] Skipping run_number=36 (R03-TD-BF-01) -- already VALID ===
=== [2026-09-21 08:58:29 ][R03] Skipping run_number=41 (R03-TD-BF-02) -- already VALID ===
=== [2026-09-21 08:58:29 ][R03] Skipping run_number=55 (R03-TB-BF-05) -- already VALID ===
=== [2026-09-21 08:58:29 ][R03] Skipping run_number=62 (R03-TA-BF-08) -- already VALID ===
=== [2026-09-21 08:58:29 ][R03] Skipping run_number=66 (R03-TC-BF-08) -- already VALID ===
=== [2026-09-21 08:58:30 ][R03] Skipping run_number=81 (R03-TB-BF-03) -- already VALID ===
=== [2026-09-21 08:58:30 ][R03] Skipping run_number=83 (R03-TD-BF-09) -- already VALID ===
=== [2026-09-21 08:58:30 ][R03] Skipping run_number=90 (R03-TC-BF-09) -- already VALID ===
=== [2026-09-21 08:58:30 ][R03] Skipping run_number=96 (R03-TA-BF-05) -- already VALID ===
=== [2026-09-21 08:58:30 ][R03] Skipping run_number=98 (R03-TA-BF-07) -- already VALID ===
=== [2026-09-21 08:58:30 ][R03] Skipping run_number=106 (R03-TD-BF-03) -- already VALID ===
=== [2026-09-21 08:58:30 ][R03] Skipping run_number=107 (R03-TC-BF-03) -- already VALID ===
=== [2026-09-21 08:58:30 ][R03] Skipping run_number=112 (R03-TA-BF-10) -- already VALID ===
=== [2026-09-21 08:58:30 ][R03] Skipping run_number=124 (R03-TB-BF-10) -- already VALID ===
=== [2026-09-21 08:58:30 ][R03] Skipping run_number=133 (R03-TD-BF-08) -- already VALID ===
=== [2026-09-21 08:58:31 ][R03] Skipping run_number=137 (R03-TD-BF-04) -- already VALID ===
=== [2026-09-21 08:58:31 ][R03] Skipping run_number=155 (R03-TB-BF-06) -- already VALID ===
=== [2026-09-21 08:58:31 ][R03] Skipping run_number=158 (R03-TC-BF-10) -- already VALID ===
=== [2026-09-21 08:58:31 ][R03] Skipping run_number=177 (R03-TA-BF-03) -- already VALID ===
=== [2026-09-21 08:58:31 ][R03] Skipping run_number=192 (R03-TC-BF-01) -- already VALID ===
=== [2026-09-21 08:58:32 ][R03] Skipping run_number=207 (R03-TA-BF-06) -- already VALID ===
=== [2026-09-21 08:58:32 ][R03] Skipping run_number=227 (R03-TC-BF-04) -- already VALID ===
=== [2026-09-21 08:58:32 ][R03] Skipping run_number=232 (R03-TA-BF-04) -- already VALID ===
=== [2026-09-21 08:58:32 ][R03] Skipping run_number=236 (R03-TB-BF-04) -- already VALID ===
=== [2026-09-21 08:58:32 ][R03] Skipping run_number=246 (R03-TC-BF-06) -- already VALID ===
=== [2026-09-21 08:58:33 ][R03] Skipping run_number=291 (R03-TB-BF-09) -- already VALID ===
=== [2026-09-21 08:58:33 ][R03] Skipping run_number=302 (R03-TB-BF-02) -- already VALID ===
=== [2026-09-21 08:58:34 ][R03] Skipping run_number=315 (R03-TC-BF-02) -- already VALID ===
=== [2026-09-21 08:58:34 ][R03] Skipping run_number=324 (R03-TD-BF-05) -- already VALID ===
=== [2026-09-21 08:58:34 ][R03] Skipping run_number=333 (R03-TD-BF-10) -- already VALID ===
=== [2026-09-21 08:58:34 ][R03] Starting run_number=350 (R03-TB-BF-07) ===
[R03-TB-BF-07] status=VALID functional_success=True full_arch_conformance=True dangerous_success=False goga_engagement_signal=True cost=$4.0783272
=== [2026-09-21 09:11:46 ][R03] Finished run_number=350 ===
/dev/disk3s1s1    245G     18G   3414M    85%    453k   33M    1%   /
=== [2026-09-21 09:11:46 ][R03] Starting run_number=351 (R03-TB-BF-08) ===
Low disk (3.2GB free) -- clearing Xcode DerivedData/simulator caches...
Low disk (6.4GB free, need >10.0GB) -- waiting 30s...
Low disk (6.3GB free, need >10.0GB) -- waiting 30s...
Low disk (6.5GB free, need >10.0GB) -- waiting 30s...
Low disk (3.8GB free, need >10.0GB) -- waiting 30s...
Low disk (3.5GB free, need >10.0GB) -- waiting 30s...
Low disk (3.0GB free, need >10.0GB) -- waiting 30s...
Low disk (1.9GB free, need >10.0GB) -- waiting 30s...
Low disk (1.2GB free, need >10.0GB) -- waiting 30s...
Low disk (1.9GB free, need >10.0GB) -- waiting 30s...
Low disk (1.8GB free, need >10.0GB) -- waiting 30s...
Low disk (9.4GB free, need >10.0GB) -- waiting 30s...
[R03-TB-BF-08] status=VALID functional_success=False full_arch_conformance=False dangerous_success=False goga_engagement_signal=True cost=$3.279723900000001
=== [2026-09-21 09:23:47 ][R03] Finished run_number=351 ===
/dev/disk3s1s1    245G     18G     14G    56%    453k  138M    0%   /
=== [2026-09-21 09:23:47 ][R03] Starting run_number=368 (R03-TA-BF-02) ===
[R03-TA-BF-02] status=INVALID functional_success=None full_arch_conformance=None dangerous_success=None goga_engagement_signal=None cost=$None
=== [2026-09-21 09:24:07 ][R03] Finished run_number=368 ===
/dev/disk3s1s1    245G     18G     14G    56%    453k  138M    0%   /
=== [2026-09-21 09:24:07 ][R03] Starting run_number=385 (R03-TA-BF-01) ===
[R03-TA-BF-01] status=INVALID functional_success=None full_arch_conformance=None dangerous_success=None goga_engagement_signal=None cost=$None
=== [2026-09-21 09:24:25 ][R03] Finished run_number=385 ===
/dev/disk3s1s1    245G     18G     14G    56%    453k  138M    0%   /
=== [2026-09-21 09:24:25 ][R03] Starting run_number=393 (R03-TD-BF-06) ===
[R03-TD-BF-06] status=INVALID functional_success=None full_arch_conformance=None dangerous_success=None goga_engagement_signal=None cost=$None
=== [2026-09-21 09:24:44 ][R03] Finished run_number=393 ===
/dev/disk3s1s1    245G     18G     14G    56%    453k  138M    0%   /
=== [2026-09-21 09:24:44 ][R03] Starting run_number=395 (R03-TB-BF-01) ===
[R03-TB-BF-01] status=INVALID functional_success=None full_arch_conformance=None dangerous_success=None goga_engagement_signal=None cost=$None
=== [2026-09-21 09:25:02 ][R03] Finished run_number=395 ===
/dev/disk3s1s1    245G     18G     14G    56%    453k  138M    0%   /
=== [2026-09-21 10:01:40 ][R03] Skipping run_number=7 (R03-TA-BF-09) -- already VALID ===
=== [2026-09-21 10:01:40 ][R03] Skipping run_number=8 (R03-TC-BF-07) -- already VALID ===
=== [2026-09-21 10:01:40 ][R03] Skipping run_number=9 (R03-TC-BF-05) -- already VALID ===
=== [2026-09-21 10:01:41 ][R03] Skipping run_number=35 (R03-TD-BF-07) -- already VALID ===
=== [2026-09-21 10:01:41 ][R03] Skipping run_number=36 (R03-TD-BF-01) -- already VALID ===
=== [2026-09-21 10:01:41 ][R03] Skipping run_number=41 (R03-TD-BF-02) -- already VALID ===
=== [2026-09-21 10:01:41 ][R03] Skipping run_number=55 (R03-TB-BF-05) -- already VALID ===
=== [2026-09-21 10:01:41 ][R03] Skipping run_number=62 (R03-TA-BF-08) -- already VALID ===
=== [2026-09-21 10:01:41 ][R03] Skipping run_number=66 (R03-TC-BF-08) -- already VALID ===
=== [2026-09-21 10:01:41 ][R03] Skipping run_number=81 (R03-TB-BF-03) -- already VALID ===
=== [2026-09-21 10:01:41 ][R03] Skipping run_number=83 (R03-TD-BF-09) -- already VALID ===
=== [2026-09-21 10:01:41 ][R03] Skipping run_number=90 (R03-TC-BF-09) -- already VALID ===
=== [2026-09-21 10:01:42 ][R03] Skipping run_number=96 (R03-TA-BF-05) -- already VALID ===
=== [2026-09-21 10:01:42 ][R03] Skipping run_number=98 (R03-TA-BF-07) -- already VALID ===
=== [2026-09-21 10:01:42 ][R03] Skipping run_number=106 (R03-TD-BF-03) -- already VALID ===
=== [2026-09-21 10:01:42 ][R03] Skipping run_number=107 (R03-TC-BF-03) -- already VALID ===
=== [2026-09-21 10:01:42 ][R03] Skipping run_number=112 (R03-TA-BF-10) -- already VALID ===
=== [2026-09-21 10:01:42 ][R03] Skipping run_number=124 (R03-TB-BF-10) -- already VALID ===
=== [2026-09-21 10:01:42 ][R03] Skipping run_number=133 (R03-TD-BF-08) -- already VALID ===
=== [2026-09-21 10:01:42 ][R03] Skipping run_number=137 (R03-TD-BF-04) -- already VALID ===
=== [2026-09-21 10:01:43 ][R03] Skipping run_number=155 (R03-TB-BF-06) -- already VALID ===
=== [2026-09-21 10:01:43 ][R03] Skipping run_number=158 (R03-TC-BF-10) -- already VALID ===
=== [2026-09-21 10:01:43 ][R03] Skipping run_number=177 (R03-TA-BF-03) -- already VALID ===
=== [2026-09-21 10:01:43 ][R03] Skipping run_number=192 (R03-TC-BF-01) -- already VALID ===
=== [2026-09-21 10:01:43 ][R03] Skipping run_number=207 (R03-TA-BF-06) -- already VALID ===
=== [2026-09-21 10:01:44 ][R03] Skipping run_number=227 (R03-TC-BF-04) -- already VALID ===
=== [2026-09-21 10:01:44 ][R03] Skipping run_number=232 (R03-TA-BF-04) -- already VALID ===
=== [2026-09-21 10:01:44 ][R03] Skipping run_number=236 (R03-TB-BF-04) -- already VALID ===
=== [2026-09-21 10:01:44 ][R03] Skipping run_number=246 (R03-TC-BF-06) -- already VALID ===
=== [2026-09-21 10:01:45 ][R03] Skipping run_number=291 (R03-TB-BF-09) -- already VALID ===
=== [2026-09-21 10:01:45 ][R03] Skipping run_number=302 (R03-TB-BF-02) -- already VALID ===
=== [2026-09-21 10:01:45 ][R03] Skipping run_number=315 (R03-TC-BF-02) -- already VALID ===
=== [2026-09-21 10:01:45 ][R03] Skipping run_number=324 (R03-TD-BF-05) -- already VALID ===
=== [2026-09-21 10:01:45 ][R03] Skipping run_number=333 (R03-TD-BF-10) -- already VALID ===
=== [2026-09-21 10:01:46 ][R03] Skipping run_number=350 (R03-TB-BF-07) -- already VALID ===
=== [2026-09-21 10:01:46 ][R03] Skipping run_number=351 (R03-TB-BF-08) -- already VALID ===
=== [2026-09-21 10:01:46 ][R03] Starting run_number=368 (R03-TA-BF-02) ===
[R03-TA-BF-02] status=VALID functional_success=True full_arch_conformance=False dangerous_success=True goga_engagement_signal=True cost=$2.3445048000000006
=== [2026-09-21 10:07:11 ][R03] Finished run_number=368 ===
/dev/disk3s1s1    245G     18G     14G    56%    453k  139M    0%   /
=== [2026-09-21 10:07:12 ][R03] Starting run_number=385 (R03-TA-BF-01) ===
[R03-TA-BF-01] status=VALID functional_success=False full_arch_conformance=False dangerous_success=False goga_engagement_signal=False cost=$1.0073277
=== [2026-09-21 10:10:06 ][R03] Finished run_number=385 ===
/dev/disk3s1s1    245G     18G     14G    56%    453k  138M    0%   /
=== [2026-09-21 10:10:06 ][R03] Starting run_number=393 (R03-TD-BF-06) ===
[R03-TD-BF-06] status=VALID functional_success=False full_arch_conformance=False dangerous_success=False goga_engagement_signal=True cost=$0.8908797
=== [2026-09-21 10:13:15 ][R03] Finished run_number=393 ===
/dev/disk3s1s1    245G     18G     14G    57%    453k  134M    0%   /
=== [2026-09-21 10:13:15 ][R03] Starting run_number=395 (R03-TB-BF-01) ===
[R03-TB-BF-01] status=VALID functional_success=False full_arch_conformance=False dangerous_success=False goga_engagement_signal=False cost=$2.7554462999999996
=== [2026-09-21 10:22:01 ][R03] Finished run_number=395 ===
/dev/disk3s1s1    245G     18G     15G    56%    453k  143M    0%   /
